<?xml version="1.0" encoding="UTF-8"?>
<project version="4">
    <component name="ComposerSettings" doNotAsk="true" />
    <component name="PhpDebugGeneral" listening_started="true" />
    <component name="PhpServers">
        <servers>
            <server id="c9d04e94-7bf3-9293-df20-54a69caf052e" host="example.com" name="example.com:443" port="443" use_path_mappings="true">
                <path_mappings>
                    <mapping local-root="$PROJECT_DIR$" remote-root="/project"/>
                </path_mappings>
            </server>
        </servers>
    </component>
    <component name="TimeTrackingManager">
        <option name="totallyTimeSpent" value="21371000" />
    </component>
</project>
